// Jest Snapshot v1, https://goo.gl/fbAQLP

exports[`useLeaderboardStats matches snapshot for complete for leaderboard 1`] = `
{
  "eloDistribution": [
    {
      "elo": -100,
      "value": 1,
    },
    {
      "elo": -90,
      "value": 0,
    },
    {
      "elo": -80,
      "value": 0,
    },
    {
      "elo": -70,
      "value": 0,
    },
    {
      "elo": -60,
      "value": 0,
    },
    {
      "elo": -50,
      "value": 0,
    },
    {
      "elo": -40,
      "value": 0,
    },
    {
      "elo": -30,
      "value": 0,
    },
    {
      "elo": -20,
      "value": 0,
    },
    {
      "elo": -10,
      "value": 0,
    },
    {
      "elo": 0,
      "value": 0,
    },
    {
      "elo": 10,
      "value": 0,
    },
    {
      "elo": 20,
      "value": 0,
    },
    {
      "elo": 30,
      "value": 0,
    },
    {
      "elo": 40,
      "value": 0,
    },
    {
      "elo": 50,
      "value": 0,
    },
    {
      "elo": 60,
      "value": 0,
    },
    {
      "elo": 70,
      "value": 0,
    },
    {
      "elo": 80,
      "value": 0,
    },
    {
      "elo": 90,
      "value": 0,
    },
    {
      "elo": 100,
      "value": 0,
    },
    {
      "elo": 110,
      "value": 0,
    },
    {
      "elo": 120,
      "value": 0,
    },
    {
      "elo": 130,
      "value": 0,
    },
    {
      "elo": 140,
      "value": 0,
    },
    {
      "elo": 150,
      "value": 0,
    },
    {
      "elo": 160,
      "value": 0,
    },
    {
      "elo": 170,
      "value": 0,
    },
    {
      "elo": 180,
      "value": 0,
    },
    {
      "elo": 190,
      "value": 0,
    },
    {
      "elo": 200,
      "value": 0,
    },
    {
      "elo": 210,
      "value": 0,
    },
    {
      "elo": 220,
      "value": 0,
    },
    {
      "elo": 230,
      "value": 0,
    },
    {
      "elo": 240,
      "value": 0,
    },
    {
      "elo": 250,
      "value": 0,
    },
    {
      "elo": 260,
      "value": 0,
    },
    {
      "elo": 270,
      "value": 0,
    },
    {
      "elo": 280,
      "value": 0,
    },
    {
      "elo": 290,
      "value": 0,
    },
    {
      "elo": 300,
      "value": 1,
    },
    {
      "elo": 310,
      "value": 0,
    },
    {
      "elo": 320,
      "value": 0,
    },
    {
      "elo": 330,
      "value": 0,
    },
    {
      "elo": 340,
      "value": 0,
    },
    {
      "elo": 350,
      "value": 0,
    },
    {
      "elo": 360,
      "value": 0,
    },
    {
      "elo": 370,
      "value": 0,
    },
    {
      "elo": 380,
      "value": 0,
    },
    {
      "elo": 390,
      "value": 0,
    },
    {
      "elo": 400,
      "value": 1,
    },
    {
      "elo": 410,
      "value": 0,
    },
    {
      "elo": 420,
      "value": 0,
    },
    {
      "elo": 430,
      "value": 0,
    },
    {
      "elo": 440,
      "value": 0,
    },
    {
      "elo": 450,
      "value": 0,
    },
    {
      "elo": 460,
      "value": 0,
    },
    {
      "elo": 470,
      "value": 0,
    },
    {
      "elo": 480,
      "value": 0,
    },
    {
      "elo": 490,
      "value": 0,
    },
    {
      "elo": 500,
      "value": 0,
    },
    {
      "elo": 510,
      "value": 1,
    },
    {
      "elo": 520,
      "value": 0,
    },
    {
      "elo": 530,
      "value": 0,
    },
    {
      "elo": 540,
      "value": 0,
    },
    {
      "elo": 550,
      "value": 0,
    },
    {
      "elo": 560,
      "value": 0,
    },
    {
      "elo": 570,
      "value": 0,
    },
    {
      "elo": 580,
      "value": 0,
    },
    {
      "elo": 590,
      "value": 0,
    },
    {
      "elo": 600,
      "value": 0,
    },
    {
      "elo": 610,
      "value": 0,
    },
    {
      "elo": 620,
      "value": 0,
    },
    {
      "elo": 630,
      "value": 0,
    },
    {
      "elo": 640,
      "value": 0,
    },
    {
      "elo": 650,
      "value": 0,
    },
    {
      "elo": 660,
      "value": 0,
    },
    {
      "elo": 670,
      "value": 0,
    },
    {
      "elo": 680,
      "value": 0,
    },
    {
      "elo": 690,
      "value": 1,
    },
    {
      "elo": 700,
      "value": 0,
    },
    {
      "elo": 710,
      "value": 0,
    },
    {
      "elo": 720,
      "value": 0,
    },
    {
      "elo": 730,
      "value": 0,
    },
    {
      "elo": 740,
      "value": 0,
    },
    {
      "elo": 750,
      "value": 1,
    },
    {
      "elo": 760,
      "value": 0,
    },
    {
      "elo": 770,
      "value": 0,
    },
    {
      "elo": 780,
      "value": 0,
    },
    {
      "elo": 790,
      "value": 0,
    },
    {
      "elo": 800,
      "value": 0,
    },
    {
      "elo": 810,
      "value": 0,
    },
    {
      "elo": 820,
      "value": 1,
    },
    {
      "elo": 830,
      "value": 0,
    },
    {
      "elo": 840,
      "value": 0,
    },
    {
      "elo": 850,
      "value": 0,
    },
    {
      "elo": 860,
      "value": 0,
    },
    {
      "elo": 870,
      "value": 0,
    },
    {
      "elo": 880,
      "value": 0,
    },
    {
      "elo": 890,
      "value": 0,
    },
    {
      "elo": 900,
      "value": 0,
    },
    {
      "elo": 910,
      "value": 0,
    },
    {
      "elo": 920,
      "value": 1,
    },
    {
      "elo": 930,
      "value": 0,
    },
    {
      "elo": 940,
      "value": 0,
    },
    {
      "elo": 950,
      "value": 0,
    },
    {
      "elo": 960,
      "value": 0,
    },
    {
      "elo": 970,
      "value": 0,
    },
    {
      "elo": 980,
      "value": 0,
    },
    {
      "elo": 990,
      "value": 0,
    },
    {
      "dataPointColor": "red",
      "elo": 1000,
      "value": 1,
    },
    {
      "elo": 1010,
      "value": 0,
    },
    {
      "elo": 1020,
      "value": 0,
    },
    {
      "elo": 1030,
      "value": 0,
    },
    {
      "elo": 1040,
      "value": 0,
    },
    {
      "elo": 1050,
      "value": 0,
    },
    {
      "elo": 1060,
      "value": 0,
    },
    {
      "elo": 1070,
      "value": 0,
    },
    {
      "elo": 1080,
      "value": 0,
    },
    {
      "elo": 1090,
      "value": 0,
    },
    {
      "elo": 1100,
      "value": 0,
    },
    {
      "elo": 1110,
      "value": 1,
    },
    {
      "elo": 1120,
      "value": 0,
    },
    {
      "elo": 1130,
      "value": 0,
    },
    {
      "elo": 1140,
      "value": 0,
    },
    {
      "elo": 1150,
      "value": 0,
    },
    {
      "elo": 1160,
      "value": 0,
    },
    {
      "elo": 1170,
      "value": 0,
    },
    {
      "elo": 1180,
      "value": 0,
    },
    {
      "elo": 1190,
      "value": 0,
    },
    {
      "elo": 1200,
      "value": 0,
    },
    {
      "elo": 1210,
      "value": 0,
    },
    {
      "elo": 1220,
      "value": 0,
    },
    {
      "elo": 1230,
      "value": 0,
    },
    {
      "elo": 1240,
      "value": 0,
    },
    {
      "elo": 1250,
      "value": 1,
    },
    {
      "elo": 1260,
      "value": 0,
    },
    {
      "elo": 1270,
      "value": 0,
    },
    {
      "elo": 1280,
      "value": 0,
    },
    {
      "elo": 1290,
      "value": 0,
    },
    {
      "elo": 1300,
      "value": 1,
    },
    {
      "elo": 1310,
      "value": 0,
    },
    {
      "elo": 1320,
      "value": 0,
    },
    {
      "elo": 1330,
      "value": 0,
    },
    {
      "elo": 1340,
      "value": 0,
    },
    {
      "elo": 1350,
      "value": 0,
    },
    {
      "elo": 1360,
      "value": 0,
    },
    {
      "elo": 1370,
      "value": 0,
    },
    {
      "elo": 1380,
      "value": 0,
    },
    {
      "elo": 1390,
      "value": 0,
    },
    {
      "elo": 1400,
      "value": 0,
    },
    {
      "elo": 1410,
      "value": 0,
    },
    {
      "elo": 1420,
      "value": 0,
    },
    {
      "elo": 1430,
      "value": 0,
    },
    {
      "elo": 1440,
      "value": 0,
    },
    {
      "elo": 1450,
      "value": 1,
    },
    {
      "elo": 1460,
      "value": 0,
    },
    {
      "elo": 1470,
      "value": 0,
    },
    {
      "elo": 1480,
      "value": 0,
    },
    {
      "elo": 1490,
      "value": 0,
    },
    {
      "elo": 1500,
      "value": 0,
    },
    {
      "elo": 1510,
      "value": 0,
    },
    {
      "elo": 1520,
      "value": 1,
    },
    {
      "elo": 1530,
      "value": 0,
    },
    {
      "elo": 1540,
      "value": 0,
    },
    {
      "elo": 1550,
      "value": 0,
    },
    {
      "elo": 1560,
      "value": 0,
    },
    {
      "elo": 1570,
      "value": 0,
    },
    {
      "elo": 1580,
      "value": 0,
    },
    {
      "elo": 1590,
      "value": 0,
    },
    {
      "elo": 1600,
      "value": 0,
    },
    {
      "elo": 1610,
      "value": 0,
    },
    {
      "elo": 1620,
      "value": 0,
    },
    {
      "elo": 1630,
      "value": 0,
    },
    {
      "elo": 1640,
      "value": 1,
    },
    {
      "elo": 1650,
      "value": 1,
    },
    {
      "elo": 1660,
      "value": 0,
    },
    {
      "elo": 1670,
      "value": 0,
    },
    {
      "elo": 1680,
      "value": 0,
    },
    {
      "elo": 1690,
      "value": 0,
    },
    {
      "elo": 1700,
      "value": 0,
    },
    {
      "elo": 1710,
      "value": 0,
    },
    {
      "elo": 1720,
      "value": 0,
    },
    {
      "elo": 1730,
      "value": 0,
    },
    {
      "elo": 1740,
      "value": 0,
    },
    {
      "elo": 1750,
      "value": 0,
    },
    {
      "elo": 1760,
      "value": 0,
    },
    {
      "elo": 1770,
      "value": 0,
    },
    {
      "elo": 1780,
      "value": 0,
    },
    {
      "elo": 1790,
      "value": 1,
    },
    {
      "elo": 1800,
      "value": 0,
    },
    {
      "elo": 1810,
      "value": 0,
    },
    {
      "elo": 1820,
      "value": 0,
    },
    {
      "elo": 1830,
      "value": 1,
    },
    {
      "elo": 1840,
      "value": 0,
    },
    {
      "elo": 1850,
      "value": 0,
    },
    {
      "elo": 1860,
      "value": 0,
    },
    {
      "elo": 1870,
      "value": 0,
    },
    {
      "elo": 1880,
      "value": 0,
    },
    {
      "elo": 1890,
      "value": 0,
    },
    {
      "elo": 1900,
      "value": 0,
    },
    {
      "elo": 1910,
      "value": 1,
    },
    {
      "elo": 1920,
      "value": 0,
    },
    {
      "elo": 1930,
      "value": 0,
    },
    {
      "elo": 1940,
      "value": 0,
    },
    {
      "elo": 1950,
      "value": 0,
    },
    {
      "elo": 1960,
      "value": 0,
    },
    {
      "elo": 1970,
      "value": 0,
    },
    {
      "elo": 1980,
      "value": 0,
    },
    {
      "elo": 1990,
      "value": 0,
    },
    {
      "elo": 2000,
      "value": 0,
    },
    {
      "elo": 2010,
      "value": 0,
    },
    {
      "elo": 2020,
      "value": 0,
    },
    {
      "elo": 2030,
      "value": 0,
    },
    {
      "elo": 2040,
      "value": 0,
    },
    {
      "elo": 2050,
      "value": 0,
    },
    {
      "elo": 2060,
      "value": 0,
    },
    {
      "elo": 2070,
      "value": 0,
    },
    {
      "elo": 2080,
      "value": 1,
    },
    {
      "elo": 2090,
      "value": 0,
    },
    {
      "elo": 2100,
      "value": 0,
    },
    {
      "elo": 2110,
      "value": 0,
    },
    {
      "elo": 2120,
      "value": 0,
    },
    {
      "elo": 2130,
      "value": 0,
    },
    {
      "elo": 2140,
      "value": 0,
    },
    {
      "elo": 2150,
      "value": 0,
    },
    {
      "elo": 2160,
      "value": 1,
    },
  ],
  "firstPlayerElo": 2162,
  "isLoading": false,
  "lastAethereanElo": 1837,
  "lastPlayerElo": -100,
  "rankDistribution": [
    {
      "frontColor": "#BD7CC5",
      "value": 4,
    },
    {
      "frontColor": "#FC7575",
      "value": 1,
    },
    {
      "frontColor": "#9CE7AC",
      "value": 3,
    },
    {
      "frontColor": "#95DFEC",
      "value": 2,
    },
    {
      "frontColor": "#C3C4FF",
      "value": 2,
    },
    {
      "frontColor": "#FFC64E",
      "value": 2,
    },
    {
      "frontColor": "#C8C8D5",
      "value": 2,
    },
    {
      "frontColor": "#B87A2E",
      "value": 2,
    },
    {
      "frontColor": "#7F7A66",
      "value": 3,
    },
  ],
}
`;
