// Jest Snapshot v1, https://goo.gl/fbAQLP

exports[`TournamentList renders empty list correctly 1`] = `
<RCTScrollView
  contentContainerStyle={
    {
      "gap": 16,
      "padding": 16,
    }
  }
  data={[]}
  getItem={[Function]}
  getItemCount={[Function]}
  keyExtractor={[Function]}
  onContentSizeChange={[Function]}
  onLayout={[Function]}
  onMomentumScrollBegin={[Function]}
  onMomentumScrollEnd={[Function]}
  onScroll={[Function]}
  onScrollBeginDrag={[Function]}
  onScrollEndDrag={[Function]}
  refreshControl={
    {
      "$$typeof": Symbol(react.transitional.element),
      "_owner": null,
      "_store": {},
      "key": null,
      "props": {
        "onRefresh": [MockFunction],
        "refreshing": false,
      },
      "type": [Function],
    }
  }
  removeClippedSubviews={false}
  renderItem={[Function]}
  scrollEventThrottle={0.0001}
  stickyHeaderIndices={[]}
  viewabilityConfigCallbackPairs={[]}
>
  <RCTRefreshControl />
  <View />
</RCTScrollView>
`;
