// Jest Snapshot v1, https://goo.gl/fbAQLP

exports[`About matches snapshot 1`] = `
<View
  style={
    {
      "backgroundColor": "#2B1F74",
      "flex": 1,
    }
  }
>
  <View
    style={
      {
        "gap": 24,
        "padding": 16,
      }
    }
  >
    <Text
      style={
        {
          "color": "white",
          "fontFamily": "FranklinGothicDemiCond-Regular",
          "gap": 24,
        }
      }
    >
      This project is a fan-made creation and is not affiliated with Aether Studios or Offbrand Games in any official capacity. All trademarks, registered trademarks, product names, and company names or logos mentioned herein are the property of their respective owners. This project was created solely as a community resource, for entertainment and educational purposes.
    </Text>
    <Text
      style={
        {
          "color": "white",
          "fontFamily": "FranklinGothicDemiCond-Regular",
          "gap": 24,
        }
      }
    >
      The app is completely free to use, contains no advertisements, and does not generate any revenue. It does not collect nor transmit any personal information or data from users to any third party. Everything stays exclusively between your device and the official game servers.
    </Text>
  </View>
  <View
    style={
      {
        "backgroundColor": "#CACEFF",
        "height": 1,
      }
    }
  />
  <View
    accessibilityState={
      {
        "busy": undefined,
        "checked": undefined,
        "disabled": undefined,
        "expanded": undefined,
        "selected": undefined,
      }
    }
    accessibilityValue={
      {
        "max": undefined,
        "min": undefined,
        "now": undefined,
        "text": undefined,
      }
    }
    accessible={true}
    collapsable={false}
    focusable={true}
    onBlur={[Function]}
    onClick={[Function]}
    onFocus={[Function]}
    onResponderGrant={[Function]}
    onResponderMove={[Function]}
    onResponderRelease={[Function]}
    onResponderTerminate={[Function]}
    onResponderTerminationRequest={[Function]}
    onStartShouldSetResponder={[Function]}
    role="link"
  >
    <ViewManagerAdapter_ExpoLinearGradient
      colors={
        [
          4279043869,
          4279636041,
        ]
      }
      endPoint={
        [
          1,
          0,
        ]
      }
      startPoint={
        [
          0,
          0,
        ]
      }
      style={
        {
          "alignItems": "center",
          "backgroundColor": "#0B0825",
          "flexDirection": "row",
          "gap": 8,
          "padding": 12,
          "paddingHorizontal": 16,
        }
      }
    >
      <ViewManagerAdapter_ExpoImage
        containerViewRef={"[React.ref]"}
        contentFit="contain"
        contentPosition={
          {
            "left": "50%",
            "top": "50%",
          }
        }
        height={20}
        nativeViewRef={"[React.ref]"}
        onError={[Function]}
        onLoad={[Function]}
        onLoadStart={[Function]}
        onProgress={[Function]}
        placeholder={[]}
        source={
          [
            {
              "testUri": "../../../src/assets/images/link/github.png",
            },
          ]
        }
        style={
          {
            "height": 20,
            "width": 20,
          }
        }
        transition={null}
        width={20}
      />
      <Text
        style={
          [
            {
              "color": "white",
              "fontFamily": "FranklinGothicDemiCond-Regular",
              "fontSize": 18,
              "textTransform": "uppercase",
            },
            false,
          ]
        }
      >
        GitHub
      </Text>
      <
        color="white"
        name="arrow-outward"
        size={20}
        style={
          {
            "marginLeft": "auto",
          }
        }
      />
    </ViewManagerAdapter_ExpoLinearGradient>
  </View>
  <View
    style={
      {
        "backgroundColor": "#CACEFF",
        "height": 1,
      }
    }
  />
  <View
    accessibilityState={
      {
        "busy": undefined,
        "checked": undefined,
        "disabled": undefined,
        "expanded": undefined,
        "selected": undefined,
      }
    }
    accessibilityValue={
      {
        "max": undefined,
        "min": undefined,
        "now": undefined,
        "text": undefined,
      }
    }
    accessible={true}
    collapsable={false}
    focusable={true}
    onBlur={[Function]}
    onClick={[Function]}
    onFocus={[Function]}
    onResponderGrant={[Function]}
    onResponderMove={[Function]}
    onResponderRelease={[Function]}
    onResponderTerminate={[Function]}
    onResponderTerminationRequest={[Function]}
    onStartShouldSetResponder={[Function]}
    role="link"
  >
    <ViewManagerAdapter_ExpoLinearGradient
      colors={
        [
          4279043869,
          4279636041,
        ]
      }
      endPoint={
        [
          1,
          0,
        ]
      }
      startPoint={
        [
          0,
          0,
        ]
      }
      style={
        {
          "alignItems": "center",
          "backgroundColor": "#0B0825",
          "flexDirection": "row",
          "gap": 8,
          "padding": 12,
          "paddingHorizontal": 16,
        }
      }
    >
      <ViewManagerAdapter_ExpoImage
        containerViewRef={"[React.ref]"}
        contentFit="contain"
        contentPosition={
          {
            "left": "50%",
            "top": "50%",
          }
        }
        height={20}
        nativeViewRef={"[React.ref]"}
        onError={[Function]}
        onLoad={[Function]}
        onLoadStart={[Function]}
        onProgress={[Function]}
        placeholder={[]}
        source={
          [
            {
              "testUri": "../../../src/assets/images/link/mail.png",
            },
          ]
        }
        style={
          {
            "height": 20,
            "width": 20,
          }
        }
        transition={null}
        width={20}
      />
      <Text
        style={
          [
            {
              "color": "white",
              "fontFamily": "FranklinGothicDemiCond-Regular",
              "fontSize": 18,
              "textTransform": "uppercase",
            },
            false,
          ]
        }
      >
        Report an issue
      </Text>
      <
        color="white"
        name="arrow-outward"
        size={20}
        style={
          {
            "marginLeft": "auto",
          }
        }
      />
    </ViewManagerAdapter_ExpoLinearGradient>
  </View>
  <View
    style={
      {
        "backgroundColor": "#CACEFF",
        "height": 1,
      }
    }
  />
  <View
    accessibilityState={
      {
        "busy": undefined,
        "checked": undefined,
        "disabled": undefined,
        "expanded": undefined,
        "selected": undefined,
      }
    }
    accessibilityValue={
      {
        "max": undefined,
        "min": undefined,
        "now": undefined,
        "text": undefined,
      }
    }
    accessible={true}
    collapsable={false}
    focusable={true}
    onBlur={[Function]}
    onClick={[Function]}
    onFocus={[Function]}
    onResponderGrant={[Function]}
    onResponderMove={[Function]}
    onResponderRelease={[Function]}
    onResponderTerminate={[Function]}
    onResponderTerminationRequest={[Function]}
    onStartShouldSetResponder={[Function]}
    role="link"
  >
    <ViewManagerAdapter_ExpoLinearGradient
      colors={
        [
          4279043869,
          4279636041,
        ]
      }
      endPoint={
        [
          1,
          0,
        ]
      }
      startPoint={
        [
          0,
          0,
        ]
      }
      style={
        {
          "alignItems": "center",
          "backgroundColor": "#0B0825",
          "flexDirection": "row",
          "gap": 8,
          "padding": 12,
          "paddingHorizontal": 16,
        }
      }
    >
      <ViewManagerAdapter_ExpoImage
        containerViewRef={"[React.ref]"}
        contentFit="contain"
        contentPosition={
          {
            "left": "50%",
            "top": "50%",
          }
        }
        height={20}
        nativeViewRef={"[React.ref]"}
        onError={[Function]}
        onLoad={[Function]}
        onLoadStart={[Function]}
        onProgress={[Function]}
        placeholder={[]}
        source={
          [
            {
              "testUri": "../../../src/assets/images/link/ko-fi.png",
            },
          ]
        }
        style={
          {
            "height": 20,
            "width": 20,
          }
        }
        transition={null}
        width={20}
      />
      <Text
        style={
          [
            {
              "color": "white",
              "fontFamily": "FranklinGothicDemiCond-Regular",
              "fontSize": 18,
              "textTransform": "uppercase",
            },
            false,
          ]
        }
      >
        Support the project
      </Text>
      <
        color="white"
        name="arrow-outward"
        size={20}
        style={
          {
            "marginLeft": "auto",
          }
        }
      />
    </ViewManagerAdapter_ExpoLinearGradient>
  </View>
  <View
    style={
      {
        "backgroundColor": "#CACEFF",
        "height": 1,
      }
    }
  />
</View>
`;
