// Jest Snapshot v1, https://goo.gl/fbAQLP

exports[`More matches the snapshot 1`] = `
<RCTScrollView
  showsVerticalScrollIndicator={false}
>
  <View>
    <View
      style={
        {
          "gap": 24,
        }
      }
    >
      <View>
        <View
          accessibilityState={
            {
              "busy": undefined,
              "checked": undefined,
              "disabled": undefined,
              "expanded": undefined,
              "selected": undefined,
            }
          }
          accessibilityValue={
            {
              "max": undefined,
              "min": undefined,
              "now": undefined,
              "text": undefined,
            }
          }
          accessible={true}
          collapsable={false}
          focusable={true}
          onBlur={[Function]}
          onClick={[Function]}
          onFocus={[Function]}
          onResponderGrant={[Function]}
          onResponderMove={[Function]}
          onResponderRelease={[Function]}
          onResponderTerminate={[Function]}
          onResponderTerminationRequest={[Function]}
          onStartShouldSetResponder={[Function]}
          role="link"
        >
          <ViewManagerAdapter_ExpoLinearGradient
            colors={
              [
                4278913061,
                4278913061,
              ]
            }
            endPoint={
              [
                1,
                0,
              ]
            }
            startPoint={
              [
                0,
                0,
              ]
            }
            style={
              {
                "alignItems": "center",
                "backgroundColor": "#0B0825",
                "flexDirection": "row",
                "gap": 8,
                "padding": 12,
                "paddingHorizontal": 16,
              }
            }
          >
            <ViewManagerAdapter_ExpoImage
              containerViewRef={"[React.ref]"}
              contentFit="contain"
              contentPosition={
                {
                  "left": "50%",
                  "top": "50%",
                }
              }
              height={20}
              nativeViewRef={"[React.ref]"}
              onError={[Function]}
              onLoad={[Function]}
              onLoadStart={[Function]}
              onProgress={[Function]}
              placeholder={[]}
              source={
                [
                  {
                    "uri": "https://dragdown.wiki/favicon.ico",
                  },
                ]
              }
              style={
                {
                  "height": 20,
                  "width": 20,
                }
              }
              transition={null}
              width={20}
            />
            <Text
              style={
                [
                  {
                    "color": "white",
                    "fontFamily": "FranklinGothicDemiCond-Regular",
                    "fontSize": 18,
                    "textTransform": "uppercase",
                  },
                  false,
                ]
              }
            >
              Dragdown Wiki
            </Text>
            <
              color="white"
              name="arrow-outward"
              size={20}
              style={
                {
                  "marginLeft": "auto",
                }
              }
            />
          </ViewManagerAdapter_ExpoLinearGradient>
        </View>
        <View
          style={
            {
              "backgroundColor": "#CACEFF",
              "height": 1,
            }
          }
        />
        <View
          accessibilityState={
            {
              "busy": undefined,
              "checked": undefined,
              "disabled": undefined,
              "expanded": undefined,
              "selected": undefined,
            }
          }
          accessibilityValue={
            {
              "max": undefined,
              "min": undefined,
              "now": undefined,
              "text": undefined,
            }
          }
          accessible={true}
          collapsable={false}
          focusable={true}
          onBlur={[Function]}
          onClick={[Function]}
          onFocus={[Function]}
          onResponderGrant={[Function]}
          onResponderMove={[Function]}
          onResponderRelease={[Function]}
          onResponderTerminate={[Function]}
          onResponderTerminationRequest={[Function]}
          onStartShouldSetResponder={[Function]}
          role="link"
        >
          <ViewManagerAdapter_ExpoLinearGradient
            colors={
              [
                4278913061,
                4278913061,
              ]
            }
            endPoint={
              [
                1,
                0,
              ]
            }
            startPoint={
              [
                0,
                0,
              ]
            }
            style={
              {
                "alignItems": "center",
                "backgroundColor": "#0B0825",
                "flexDirection": "row",
                "gap": 8,
                "padding": 12,
                "paddingHorizontal": 16,
              }
            }
          >
            <Text
              style={
                [
                  {
                    "color": "white",
                    "fontFamily": "FranklinGothicDemiCond-Regular",
                    "fontSize": 18,
                    "textTransform": "uppercase",
                  },
                  false,
                ]
              }
            >
              Elo History
            </Text>
            <
              color="white"
              name="arrow-outward"
              size={20}
              style={
                {
                  "marginLeft": "auto",
                }
              }
            />
          </ViewManagerAdapter_ExpoLinearGradient>
        </View>
        <View
          style={
            {
              "backgroundColor": "#CACEFF",
              "height": 1,
            }
          }
        />
        <View
          accessibilityState={
            {
              "busy": undefined,
              "checked": undefined,
              "disabled": undefined,
              "expanded": undefined,
              "selected": undefined,
            }
          }
          accessibilityValue={
            {
              "max": undefined,
              "min": undefined,
              "now": undefined,
              "text": undefined,
            }
          }
          accessible={true}
          collapsable={false}
          focusable={true}
          onBlur={[Function]}
          onClick={[Function]}
          onFocus={[Function]}
          onResponderGrant={[Function]}
          onResponderMove={[Function]}
          onResponderRelease={[Function]}
          onResponderTerminate={[Function]}
          onResponderTerminationRequest={[Function]}
          onStartShouldSetResponder={[Function]}
          role="link"
        >
          <ViewManagerAdapter_ExpoLinearGradient
            colors={
              [
                4278913061,
                4278913061,
              ]
            }
            endPoint={
              [
                1,
                0,
              ]
            }
            startPoint={
              [
                0,
                0,
              ]
            }
            style={
              {
                "alignItems": "center",
                "backgroundColor": "#0B0825",
                "flexDirection": "row",
                "gap": 8,
                "padding": 12,
                "paddingHorizontal": 16,
              }
            }
          >
            <ViewManagerAdapter_ExpoImage
              containerViewRef={"[React.ref]"}
              contentFit="contain"
              contentPosition={
                {
                  "left": "50%",
                  "top": "50%",
                }
              }
              height={20}
              nativeViewRef={"[React.ref]"}
              onError={[Function]}
              onLoad={[Function]}
              onLoadStart={[Function]}
              onProgress={[Function]}
              placeholder={[]}
              source={
                [
                  {
                    "uri": "https://www.redditstatic.com/shreddit/assets/favicon/64x64.png",
                  },
                ]
              }
              style={
                {
                  "height": 20,
                  "width": 20,
                }
              }
              transition={null}
              width={20}
            />
            <Text
              style={
                [
                  {
                    "color": "white",
                    "fontFamily": "FranklinGothicDemiCond-Regular",
                    "fontSize": 18,
                    "textTransform": "uppercase",
                  },
                  false,
                ]
              }
            >
              Game Reddit
            </Text>
            <
              color="white"
              name="arrow-outward"
              size={20}
              style={
                {
                  "marginLeft": "auto",
                }
              }
            />
          </ViewManagerAdapter_ExpoLinearGradient>
        </View>
        <View
          style={
            {
              "backgroundColor": "#CACEFF",
              "height": 1,
            }
          }
        />
        <View
          accessibilityState={
            {
              "busy": undefined,
              "checked": undefined,
              "disabled": undefined,
              "expanded": undefined,
              "selected": undefined,
            }
          }
          accessibilityValue={
            {
              "max": undefined,
              "min": undefined,
              "now": undefined,
              "text": undefined,
            }
          }
          accessible={true}
          collapsable={false}
          focusable={true}
          onBlur={[Function]}
          onClick={[Function]}
          onFocus={[Function]}
          onResponderGrant={[Function]}
          onResponderMove={[Function]}
          onResponderRelease={[Function]}
          onResponderTerminate={[Function]}
          onResponderTerminationRequest={[Function]}
          onStartShouldSetResponder={[Function]}
          role="link"
        >
          <ViewManagerAdapter_ExpoLinearGradient
            colors={
              [
                4278913061,
                4278913061,
              ]
            }
            endPoint={
              [
                1,
                0,
              ]
            }
            startPoint={
              [
                0,
                0,
              ]
            }
            style={
              {
                "alignItems": "center",
                "backgroundColor": "#0B0825",
                "flexDirection": "row",
                "gap": 8,
                "padding": 12,
                "paddingHorizontal": 16,
              }
            }
          >
            <ViewManagerAdapter_ExpoImage
              containerViewRef={"[React.ref]"}
              contentFit="contain"
              contentPosition={
                {
                  "left": "50%",
                  "top": "50%",
                }
              }
              height={20}
              nativeViewRef={"[React.ref]"}
              onError={[Function]}
              onLoad={[Function]}
              onLoadStart={[Function]}
              onProgress={[Function]}
              placeholder={[]}
              source={
                [
                  {
                    "uri": "https://cdn.prod.website-files.com/6257adef93867e50d84d30e2/62fddf0fde45a8baedcc7ee5_847541504914fd33810e70a0ea73177e%20(2)-1.png",
                  },
                ]
              }
              style={
                {
                  "height": 20,
                  "width": 20,
                }
              }
              transition={null}
              width={20}
            />
            <Text
              style={
                [
                  {
                    "color": "white",
                    "fontFamily": "FranklinGothicDemiCond-Regular",
                    "fontSize": 18,
                    "textTransform": "uppercase",
                  },
                  false,
                ]
              }
            >
              Game Discord
            </Text>
            <
              color="white"
              name="arrow-outward"
              size={20}
              style={
                {
                  "marginLeft": "auto",
                }
              }
            />
          </ViewManagerAdapter_ExpoLinearGradient>
        </View>
        <View
          style={
            {
              "backgroundColor": "#CACEFF",
              "height": 1,
            }
          }
        />
      </View>
      <View>
        <View
          style={
            {
              "backgroundColor": "#CACEFF",
              "height": 1,
            }
          }
        />
        <View
          accessibilityState={
            {
              "busy": undefined,
              "checked": undefined,
              "disabled": undefined,
              "expanded": undefined,
              "selected": undefined,
            }
          }
          accessibilityValue={
            {
              "max": undefined,
              "min": undefined,
              "now": undefined,
              "text": undefined,
            }
          }
          accessible={true}
          collapsable={false}
          focusable={true}
          onBlur={[Function]}
          onClick={[Function]}
          onFocus={[Function]}
          onResponderGrant={[Function]}
          onResponderMove={[Function]}
          onResponderRelease={[Function]}
          onResponderTerminate={[Function]}
          onResponderTerminationRequest={[Function]}
          onStartShouldSetResponder={[Function]}
          role="button"
        >
          <ViewManagerAdapter_ExpoLinearGradient
            colors={
              [
                4278913061,
                4278913061,
              ]
            }
            endPoint={
              [
                1,
                0,
              ]
            }
            startPoint={
              [
                0,
                0,
              ]
            }
            style={
              {
                "alignItems": "center",
                "backgroundColor": "#0B0825",
                "flexDirection": "row",
                "gap": 8,
                "padding": 12,
                "paddingHorizontal": 16,
              }
            }
          >
            <Text
              style={
                [
                  {
                    "color": "white",
                    "fontFamily": "FranklinGothicDemiCond-Regular",
                    "fontSize": 18,
                    "textTransform": "uppercase",
                  },
                  false,
                ]
              }
            >
              About this app
            </Text>
            <
              color="white"
              name="arrow-forward"
              size={20}
              style={
                {
                  "marginLeft": "auto",
                }
              }
            />
          </ViewManagerAdapter_ExpoLinearGradient>
        </View>
        <View
          style={
            {
              "backgroundColor": "#CACEFF",
              "height": 1,
            }
          }
        />
      </View>
      <View>
        <View
          style={
            {
              "backgroundColor": "#CACEFF",
              "height": 1,
            }
          }
        />
        <View
          accessibilityState={
            {
              "busy": undefined,
              "checked": undefined,
              "disabled": undefined,
              "expanded": undefined,
              "selected": undefined,
            }
          }
          accessibilityValue={
            {
              "max": undefined,
              "min": undefined,
              "now": undefined,
              "text": undefined,
            }
          }
          accessible={true}
          collapsable={false}
          focusable={true}
          onBlur={[Function]}
          onClick={[Function]}
          onFocus={[Function]}
          onResponderGrant={[Function]}
          onResponderMove={[Function]}
          onResponderRelease={[Function]}
          onResponderTerminate={[Function]}
          onResponderTerminationRequest={[Function]}
          onStartShouldSetResponder={[Function]}
          role="button"
        >
          <ViewManagerAdapter_ExpoLinearGradient
            colors={
              [
                4278913061,
                4278913061,
              ]
            }
            endPoint={
              [
                1,
                0,
              ]
            }
            startPoint={
              [
                0,
                0,
              ]
            }
            style={
              {
                "alignItems": "center",
                "backgroundColor": "#0B0825",
                "flexDirection": "row",
                "gap": 8,
                "padding": 12,
                "paddingHorizontal": 16,
              }
            }
          >
            <Text
              style={
                [
                  {
                    "color": "white",
                    "fontFamily": "FranklinGothicDemiCond-Regular",
                    "fontSize": 18,
                    "textTransform": "uppercase",
                  },
                  false,
                ]
              }
            >
              Log out
            </Text>
            <
              color="white"
              name="logout"
              size={20}
              style={
                {
                  "marginLeft": "auto",
                }
              }
            />
          </ViewManagerAdapter_ExpoLinearGradient>
        </View>
        <View
          style={
            {
              "backgroundColor": "#CACEFF",
              "height": 1,
            }
          }
        />
      </View>
    </View>
  </View>
</RCTScrollView>
`;
