// Jest Snapshot v1, https://goo.gl/fbAQLP

exports[`Store matches snapshot 1`] = `
<ViewManagerAdapter_ExpoLinearGradient
  colors={
    [
      3209640148,
      3206879838,
    ]
  }
  endPoint={
    [
      0,
      1,
    ]
  }
  startPoint={
    [
      0,
      0,
    ]
  }
  style={
    {
      "flex": 1,
      "gap": 16,
      "padding": 16,
      "paddingBottom": 0,
    }
  }
>
  <ViewManagerAdapter_ExpoLinearGradient
    colors={
      [
        0,
        4278190080,
      ]
    }
    endPoint={
      [
        0.6,
        0,
      ]
    }
    locations={
      [
        0,
        1,
      ]
    }
    startPoint={
      [
        0,
        0,
      ]
    }
    style={
      {
        "alignItems": "center",
        "alignSelf": "flex-end",
        "flexDirection": "row",
        "gap": 4,
        "justifyContent": "flex-end",
        "minWidth": "90%",
        "padding": 8,
        "paddingHorizontal": 12,
      }
    }
  >
    <Text
      style={
        {
          "color": "white",
          "fontFamily": "AgencyFB-Bold",
          "fontSize": 18,
          "textTransform": "uppercase",
        }
      }
    >
      Items refresh in:
    </Text>
    <View>
      <Text
        style={
          [
            {
              "color": "white",
              "fontFamily": "AgencyFB-Bold",
              "fontSize": 18,
              "textTransform": "uppercase",
            },
            {
              "position": "absolute",
              "right": 0,
              "top": 0,
            },
          ]
        }
      >
        15
        h 
        22
        m 
        56
        s
      </Text>
      <Text
        style={
          [
            {
              "color": "white",
              "fontFamily": "AgencyFB-Bold",
              "fontSize": 18,
              "textTransform": "uppercase",
            },
            {
              "color": "#FFFFFF00",
            },
          ]
        }
      >
        15
        h 
        22
        m 88s
      </Text>
    </View>
  </ViewManagerAdapter_ExpoLinearGradient>
  <RCTScrollView
    contentContainerStyle={
      {
        "gap": 16,
        "padding": 8,
        "paddingBottom": 16,
      }
    }
    data={
      [
        {
          "buckPrice": 20,
          "category": "icon",
          "coinPrice": 2000,
          "id": "1",
          "imageUrl": "https://www.example.com/icon/Icon_item_1.png",
          "name": "Item 1",
          "rarity": "common",
        },
        {
          "buckPrice": 500,
          "category": "deatheffect",
          "id": "2",
          "imageUrl": "https://www.example.com/deatheffect/Deatheffect_item_2.png",
          "name": "Item 2",
          "rarity": "epic",
        },
        {
          "category": "emote",
          "coinPrice": 1500,
          "id": "3",
          "imageUrl": "https://www.example.com/emote/Emote_item_3.png",
          "name": "Item 3",
          "rarity": "rare",
        },
        {
          "category": "skin",
          "id": "4",
          "imageUrl": "https://www.example.com/skin/Skin_item_4.png",
          "name": "Item 4",
          "rarity": "legendary",
        },
        {
          "buckPrice": 2000,
          "category": "stageskin",
          "coinPrice": 200000,
          "id": "5",
          "imageUrl": "https://www.example.com/stageskin/StageSkin_item_5.png",
          "name": "Item 5",
          "rarity": "common",
        },
      ]
    }
    getItem={[Function]}
    getItemCount={[Function]}
    keyExtractor={[Function]}
    onContentSizeChange={[Function]}
    onLayout={[Function]}
    onMomentumScrollBegin={[Function]}
    onMomentumScrollEnd={[Function]}
    onScroll={[Function]}
    onScrollBeginDrag={[Function]}
    onScrollEndDrag={[Function]}
    removeClippedSubviews={false}
    renderItem={[Function]}
    scrollEventThrottle={0.0001}
    showsVerticalScrollIndicator={false}
    stickyHeaderIndices={[]}
    style={
      {
        "marginHorizontal": -8,
      }
    }
    viewabilityConfigCallbackPairs={[]}
  >
    <View>
      <View
        onFocusCapture={[Function]}
        onLayout={[Function]}
        style={null}
      >
        <View
          style={
            [
              {
                "flexDirection": "row",
              },
              {
                "gap": 16,
              },
            ]
          }
        >
          <View
            accessibilityState={
              {
                "busy": undefined,
                "checked": undefined,
                "disabled": undefined,
                "expanded": undefined,
                "selected": undefined,
              }
            }
            accessibilityValue={
              {
                "max": undefined,
                "min": undefined,
                "now": undefined,
                "text": undefined,
              }
            }
            accessible={true}
            collapsable={false}
            focusable={true}
            onBlur={[Function]}
            onClick={[Function]}
            onFocus={[Function]}
            onResponderGrant={[Function]}
            onResponderMove={[Function]}
            onResponderRelease={[Function]}
            onResponderTerminate={[Function]}
            onResponderTerminationRequest={[Function]}
            onStartShouldSetResponder={[Function]}
            role="button"
            style={
              {
                "borderRadius": 14,
                "boxShadow": [
                  {
                    "blurRadius": 5,
                    "color": "black",
                    "offsetX": 0,
                    "offsetY": 0,
                    "spreadDistance": 0,
                  },
                ],
                "flex": 0.5,
              }
            }
          >
            <View
              onLayout={[Function]}
              style={
                {
                  "borderRadius": 20,
                  "bottom": 0,
                  "left": 0,
                  "position": "absolute",
                  "right": 0,
                  "top": 0,
                }
              }
            />
            <View
              style={
                {
                  "flex": 1,
                  "gap": 32,
                  "margin": 5,
                  "marginBottom": 8,
                  "padding": 10,
                  "paddingBottom": 2,
                }
              }
            >
              <View
                style={
                  {
                    "bottom": 0,
                    "left": 0,
                    "position": "absolute",
                    "right": 0,
                    "top": 0,
                  }
                }
              >
                <ViewManagerAdapter_ExpoImage
                  borderRadius={12}
                  bottom={0}
                  containerViewRef={"[React.ref]"}
                  contentFit="fill"
                  contentPosition={
                    {
                      "left": "50%",
                      "top": "50%",
                    }
                  }
                  left={0}
                  nativeViewRef={"[React.ref]"}
                  onError={[Function]}
                  onLoad={[Function]}
                  onLoadStart={[Function]}
                  onProgress={[Function]}
                  placeholder={[]}
                  position="absolute"
                  right={0}
                  source={
                    [
                      {
                        "testUri": "../../../src/assets/images/ui/item-bg.png",
                      },
                    ]
                  }
                  style={
                    {
                      "borderRadius": 12,
                      "bottom": 0,
                      "left": 0,
                      "position": "absolute",
                      "right": 0,
                      "top": 0,
                    }
                  }
                  top={0}
                  transition={null}
                />
              </View>
              <View
                style={
                  {
                    "backgroundColor": "#512A8C",
                    "borderRadius": 8,
                    "padding": 5,
                  }
                }
              >
                <View
                  style={
                    {
                      "aspectRatio": 1,
                      "borderRadius": 6,
                      "overflow": "hidden",
                      "width": "100%",
                    }
                  }
                >
                  <ViewManagerAdapter_ExpoImage
                    bottom={0}
                    containerViewRef={"[React.ref]"}
                    contentFit="cover"
                    contentPosition={
                      {
                        "left": "50%",
                        "top": "50%",
                      }
                    }
                    left={0}
                    nativeViewRef={"[React.ref]"}
                    onError={[Function]}
                    onLoad={[Function]}
                    onLoadStart={[Function]}
                    onProgress={[Function]}
                    placeholder={[]}
                    position="absolute"
                    right={0}
                    sfEffect={null}
                    source={
                      [
                        {
                          "testUri": "../../../src/assets/images/rarity/frame-common-back.png",
                        },
                      ]
                    }
                    style={
                      {
                        "bottom": 0,
                        "left": 0,
                        "position": "absolute",
                        "right": 0,
                        "top": 0,
                      }
                    }
                    symbolSize={null}
                    symbolWeight={null}
                    top={0}
                    transition={null}
                  />
                  <View
                    style={
                      {
                        "bottom": 0,
                        "left": 0,
                        "position": "absolute",
                        "right": 0,
                        "top": 0,
                      }
                    }
                  >
                    <skImage
                      fit="contain"
                      height={0}
                      image={null}
                      sampling={
                        {
                          "filter": 0,
                        }
                      }
                      width={0}
                      x={0}
                      y={0}
                    />
                  </View>
                  <ViewManagerAdapter_ExpoImage
                    bottom={0}
                    containerViewRef={"[React.ref]"}
                    contentFit="cover"
                    contentPosition={
                      {
                        "left": "50%",
                        "top": "50%",
                      }
                    }
                    left={0}
                    nativeViewRef={"[React.ref]"}
                    onError={[Function]}
                    onLoad={[Function]}
                    onLoadStart={[Function]}
                    onProgress={[Function]}
                    placeholder={[]}
                    position="absolute"
                    right={0}
                    sfEffect={null}
                    source={
                      [
                        {
                          "testUri": "../../../src/assets/images/rarity/frame-common-front.png",
                        },
                      ]
                    }
                    style={
                      {
                        "bottom": 0,
                        "left": 0,
                        "position": "absolute",
                        "right": 0,
                        "top": 0,
                      }
                    }
                    symbolSize={null}
                    symbolWeight={null}
                    top={0}
                    transition={null}
                  />
                  <ViewManagerAdapter_ExpoImage
                    containerViewRef={"[React.ref]"}
                    contentFit="cover"
                    contentPosition={
                      {
                        "left": "50%",
                        "top": "50%",
                      }
                    }
                    height={14}
                    left={2}
                    nativeViewRef={"[React.ref]"}
                    onError={[Function]}
                    onLoad={[Function]}
                    onLoadStart={[Function]}
                    onProgress={[Function]}
                    placeholder={[]}
                    position="absolute"
                    sfEffect={null}
                    source={
                      [
                        {
                          "testUri": "../../../src/assets/images/category/icon.png",
                        },
                      ]
                    }
                    style={
                      {
                        "height": 14,
                        "left": 2,
                        "position": "absolute",
                        "top": 2,
                        "width": 14,
                      }
                    }
                    symbolSize={null}
                    symbolWeight={null}
                    top={2}
                    transition={null}
                    width={14}
                  />
                </View>
                <View
                  onLayout={[Function]}
                  style={
                    {
                      "alignSelf": "center",
                      "bottom": 0,
                      "maxWidth": "95%",
                      "minWidth": "60%",
                      "paddingHorizontal": 12,
                      "paddingVertical": 2,
                      "position": "absolute",
                      "transform": [
                        {
                          "translateY": "30%",
                        },
                      ],
                    }
                  }
                >
                  <Text
                    adjustsFontSizeToFit={true}
                    numberOfLines={2}
                    style={
                      {
                        "color": "white",
                        "fontFamily": "AgencyFB-Bold",
                        "fontSize": 16,
                        "textAlign": "center",
                        "textShadowColor": "#291A3183",
                        "textShadowOffset": {
                          "height": 0,
                          "width": 1,
                        },
                        "textShadowRadius": 0.001,
                        "textTransform": "uppercase",
                      }
                    }
                  >
                    Item 1
                  </Text>
                </View>
              </View>
              <Text
                style={
                  {
                    "color": "#FFFFFF",
                    "fontFamily": "AgencyFB-Bold",
                    "fontSize": 16,
                    "textShadowColor": "black",
                    "textShadowRadius": 1,
                  }
                }
              >
                ICON
              </Text>
              <View
                style={
                  {
                    "alignItems": "center",
                    "backgroundColor": "#4513A1",
                    "borderBottomRightRadius": 8,
                    "borderColor": "#9D6DEB",
                    "borderLeftWidth": 2,
                    "borderTopLeftRadius": 8,
                    "borderTopWidth": 2,
                    "bottom": -0.2,
                    "flexDirection": "row",
                    "gap": 4,
                    "overflow": "hidden",
                    "paddingHorizontal": 8,
                    "paddingVertical": 2,
                    "position": "absolute",
                    "right": -0.2,
                  }
                }
              >
                <ViewManagerAdapter_ExpoImage
                  containerViewRef={"[React.ref]"}
                  contentFit="contain"
                  contentPosition={
                    {
                      "left": "50%",
                      "top": "50%",
                    }
                  }
                  height={18}
                  nativeViewRef={"[React.ref]"}
                  onError={[Function]}
                  onLoad={[Function]}
                  onLoadStart={[Function]}
                  onProgress={[Function]}
                  placeholder={[]}
                  source={
                    [
                      {
                        "testUri": "../../../src/assets/images/currency/coins.png",
                      },
                    ]
                  }
                  style={
                    {
                      "height": 18,
                      "width": 18,
                    }
                  }
                  transition={null}
                  width={18}
                />
                <Text
                  style={
                    {
                      "color": "#FFFFFF",
                      "fontFamily": "AgencyFB-Bold",
                      "fontSize": 16,
                      "textShadowColor": "#28074B80",
                      "textShadowRadius": 1,
                    }
                  }
                >
                  2000
                </Text>
              </View>
            </View>
          </View>
          <View
            accessibilityState={
              {
                "busy": undefined,
                "checked": undefined,
                "disabled": undefined,
                "expanded": undefined,
                "selected": undefined,
              }
            }
            accessibilityValue={
              {
                "max": undefined,
                "min": undefined,
                "now": undefined,
                "text": undefined,
              }
            }
            accessible={true}
            collapsable={false}
            focusable={true}
            onBlur={[Function]}
            onClick={[Function]}
            onFocus={[Function]}
            onResponderGrant={[Function]}
            onResponderMove={[Function]}
            onResponderRelease={[Function]}
            onResponderTerminate={[Function]}
            onResponderTerminationRequest={[Function]}
            onStartShouldSetResponder={[Function]}
            role="button"
            style={
              {
                "borderRadius": 14,
                "boxShadow": [
                  {
                    "blurRadius": 5,
                    "color": "black",
                    "offsetX": 0,
                    "offsetY": 0,
                    "spreadDistance": 0,
                  },
                ],
                "flex": 0.5,
              }
            }
          >
            <View
              onLayout={[Function]}
              style={
                {
                  "borderRadius": 20,
                  "bottom": 0,
                  "left": 0,
                  "position": "absolute",
                  "right": 0,
                  "top": 0,
                }
              }
            />
            <View
              style={
                {
                  "flex": 1,
                  "gap": 32,
                  "margin": 5,
                  "marginBottom": 8,
                  "padding": 10,
                  "paddingBottom": 2,
                }
              }
            >
              <View
                style={
                  {
                    "bottom": 0,
                    "left": 0,
                    "position": "absolute",
                    "right": 0,
                    "top": 0,
                  }
                }
              >
                <ViewManagerAdapter_ExpoImage
                  borderRadius={12}
                  bottom={0}
                  containerViewRef={"[React.ref]"}
                  contentFit="fill"
                  contentPosition={
                    {
                      "left": "50%",
                      "top": "50%",
                    }
                  }
                  left={0}
                  nativeViewRef={"[React.ref]"}
                  onError={[Function]}
                  onLoad={[Function]}
                  onLoadStart={[Function]}
                  onProgress={[Function]}
                  placeholder={[]}
                  position="absolute"
                  right={0}
                  source={
                    [
                      {
                        "testUri": "../../../src/assets/images/ui/item-bg.png",
                      },
                    ]
                  }
                  style={
                    {
                      "borderRadius": 12,
                      "bottom": 0,
                      "left": 0,
                      "position": "absolute",
                      "right": 0,
                      "top": 0,
                    }
                  }
                  top={0}
                  transition={null}
                />
              </View>
              <View
                style={
                  {
                    "backgroundColor": "#512A8C",
                    "borderRadius": 8,
                    "padding": 5,
                  }
                }
              >
                <View
                  style={
                    {
                      "aspectRatio": 1,
                      "borderRadius": 6,
                      "overflow": "hidden",
                      "width": "100%",
                    }
                  }
                >
                  <ViewManagerAdapter_ExpoImage
                    bottom={0}
                    containerViewRef={"[React.ref]"}
                    contentFit="cover"
                    contentPosition={
                      {
                        "left": "50%",
                        "top": "50%",
                      }
                    }
                    left={0}
                    nativeViewRef={"[React.ref]"}
                    onError={[Function]}
                    onLoad={[Function]}
                    onLoadStart={[Function]}
                    onProgress={[Function]}
                    placeholder={[]}
                    position="absolute"
                    right={0}
                    sfEffect={null}
                    source={
                      [
                        {
                          "testUri": "../../../src/assets/images/rarity/frame-epic-back.png",
                        },
                      ]
                    }
                    style={
                      {
                        "bottom": 0,
                        "left": 0,
                        "position": "absolute",
                        "right": 0,
                        "top": 0,
                      }
                    }
                    symbolSize={null}
                    symbolWeight={null}
                    top={0}
                    transition={null}
                  />
                  <View
                    style={
                      {
                        "bottom": 0,
                        "left": 0,
                        "position": "absolute",
                        "right": 0,
                        "top": 0,
                      }
                    }
                  >
                    <skImage
                      fit="contain"
                      height={0}
                      image={null}
                      sampling={
                        {
                          "filter": 0,
                        }
                      }
                      width={0}
                      x={0}
                      y={0}
                    />
                  </View>
                  <ViewManagerAdapter_ExpoImage
                    bottom={0}
                    containerViewRef={"[React.ref]"}
                    contentFit="cover"
                    contentPosition={
                      {
                        "left": "50%",
                        "top": "50%",
                      }
                    }
                    left={0}
                    nativeViewRef={"[React.ref]"}
                    onError={[Function]}
                    onLoad={[Function]}
                    onLoadStart={[Function]}
                    onProgress={[Function]}
                    placeholder={[]}
                    position="absolute"
                    right={0}
                    sfEffect={null}
                    source={
                      [
                        {
                          "testUri": "../../../src/assets/images/rarity/frame-epic-front.png",
                        },
                      ]
                    }
                    style={
                      {
                        "bottom": 0,
                        "left": 0,
                        "position": "absolute",
                        "right": 0,
                        "top": 0,
                      }
                    }
                    symbolSize={null}
                    symbolWeight={null}
                    top={0}
                    transition={null}
                  />
                  <ViewManagerAdapter_ExpoImage
                    containerViewRef={"[React.ref]"}
                    contentFit="cover"
                    contentPosition={
                      {
                        "left": "50%",
                        "top": "50%",
                      }
                    }
                    height={14}
                    left={2}
                    nativeViewRef={"[React.ref]"}
                    onError={[Function]}
                    onLoad={[Function]}
                    onLoadStart={[Function]}
                    onProgress={[Function]}
                    placeholder={[]}
                    position="absolute"
                    sfEffect={null}
                    source={
                      [
                        {
                          "testUri": "../../../src/assets/images/category/deatheffect.png",
                        },
                      ]
                    }
                    style={
                      {
                        "height": 14,
                        "left": 2,
                        "position": "absolute",
                        "top": 2,
                        "width": 14,
                      }
                    }
                    symbolSize={null}
                    symbolWeight={null}
                    top={2}
                    transition={null}
                    width={14}
                  />
                </View>
                <View
                  onLayout={[Function]}
                  style={
                    {
                      "alignSelf": "center",
                      "bottom": 0,
                      "maxWidth": "95%",
                      "minWidth": "60%",
                      "paddingHorizontal": 12,
                      "paddingVertical": 2,
                      "position": "absolute",
                      "transform": [
                        {
                          "translateY": "30%",
                        },
                      ],
                    }
                  }
                >
                  <Text
                    adjustsFontSizeToFit={true}
                    numberOfLines={2}
                    style={
                      {
                        "color": "white",
                        "fontFamily": "AgencyFB-Bold",
                        "fontSize": 16,
                        "textAlign": "center",
                        "textShadowColor": "#291A3183",
                        "textShadowOffset": {
                          "height": 0,
                          "width": 1,
                        },
                        "textShadowRadius": 0.001,
                        "textTransform": "uppercase",
                      }
                    }
                  >
                    Item 2
                  </Text>
                </View>
              </View>
              <Text
                style={
                  {
                    "color": "#FFFFFF",
                    "fontFamily": "AgencyFB-Bold",
                    "fontSize": 16,
                    "textShadowColor": "black",
                    "textShadowRadius": 1,
                  }
                }
              >
                DEATH
              </Text>
            </View>
          </View>
        </View>
      </View>
      <View
        onFocusCapture={[Function]}
        onLayout={[Function]}
        style={null}
      >
        <View
          style={
            [
              {
                "flexDirection": "row",
              },
              {
                "gap": 16,
              },
            ]
          }
        >
          <View
            accessibilityState={
              {
                "busy": undefined,
                "checked": undefined,
                "disabled": undefined,
                "expanded": undefined,
                "selected": undefined,
              }
            }
            accessibilityValue={
              {
                "max": undefined,
                "min": undefined,
                "now": undefined,
                "text": undefined,
              }
            }
            accessible={true}
            collapsable={false}
            focusable={true}
            onBlur={[Function]}
            onClick={[Function]}
            onFocus={[Function]}
            onResponderGrant={[Function]}
            onResponderMove={[Function]}
            onResponderRelease={[Function]}
            onResponderTerminate={[Function]}
            onResponderTerminationRequest={[Function]}
            onStartShouldSetResponder={[Function]}
            role="button"
            style={
              {
                "borderRadius": 14,
                "boxShadow": [
                  {
                    "blurRadius": 5,
                    "color": "black",
                    "offsetX": 0,
                    "offsetY": 0,
                    "spreadDistance": 0,
                  },
                ],
                "flex": 0.5,
              }
            }
          >
            <View
              onLayout={[Function]}
              style={
                {
                  "borderRadius": 20,
                  "bottom": 0,
                  "left": 0,
                  "position": "absolute",
                  "right": 0,
                  "top": 0,
                }
              }
            />
            <View
              style={
                {
                  "flex": 1,
                  "gap": 32,
                  "margin": 5,
                  "marginBottom": 8,
                  "padding": 10,
                  "paddingBottom": 2,
                }
              }
            >
              <View
                style={
                  {
                    "bottom": 0,
                    "left": 0,
                    "position": "absolute",
                    "right": 0,
                    "top": 0,
                  }
                }
              >
                <ViewManagerAdapter_ExpoImage
                  borderRadius={12}
                  bottom={0}
                  containerViewRef={"[React.ref]"}
                  contentFit="fill"
                  contentPosition={
                    {
                      "left": "50%",
                      "top": "50%",
                    }
                  }
                  left={0}
                  nativeViewRef={"[React.ref]"}
                  onError={[Function]}
                  onLoad={[Function]}
                  onLoadStart={[Function]}
                  onProgress={[Function]}
                  placeholder={[]}
                  position="absolute"
                  right={0}
                  source={
                    [
                      {
                        "testUri": "../../../src/assets/images/ui/item-bg.png",
                      },
                    ]
                  }
                  style={
                    {
                      "borderRadius": 12,
                      "bottom": 0,
                      "left": 0,
                      "position": "absolute",
                      "right": 0,
                      "top": 0,
                    }
                  }
                  top={0}
                  transition={null}
                />
              </View>
              <View
                style={
                  {
                    "backgroundColor": "#512A8C",
                    "borderRadius": 8,
                    "padding": 5,
                  }
                }
              >
                <View
                  style={
                    {
                      "aspectRatio": 1,
                      "borderRadius": 6,
                      "overflow": "hidden",
                      "width": "100%",
                    }
                  }
                >
                  <ViewManagerAdapter_ExpoImage
                    bottom={0}
                    containerViewRef={"[React.ref]"}
                    contentFit="cover"
                    contentPosition={
                      {
                        "left": "50%",
                        "top": "50%",
                      }
                    }
                    left={0}
                    nativeViewRef={"[React.ref]"}
                    onError={[Function]}
                    onLoad={[Function]}
                    onLoadStart={[Function]}
                    onProgress={[Function]}
                    placeholder={[]}
                    position="absolute"
                    right={0}
                    sfEffect={null}
                    source={
                      [
                        {
                          "testUri": "../../../src/assets/images/rarity/frame-rare-back.png",
                        },
                      ]
                    }
                    style={
                      {
                        "bottom": 0,
                        "left": 0,
                        "position": "absolute",
                        "right": 0,
                        "top": 0,
                      }
                    }
                    symbolSize={null}
                    symbolWeight={null}
                    top={0}
                    transition={null}
                  />
                  <View
                    style={
                      {
                        "bottom": 0,
                        "left": 0,
                        "position": "absolute",
                        "right": 0,
                        "top": 0,
                      }
                    }
                  >
                    <skImage
                      fit="contain"
                      height={0}
                      image={null}
                      sampling={
                        {
                          "filter": 0,
                        }
                      }
                      width={0}
                      x={0}
                      y={0}
                    />
                  </View>
                  <ViewManagerAdapter_ExpoImage
                    bottom={0}
                    containerViewRef={"[React.ref]"}
                    contentFit="cover"
                    contentPosition={
                      {
                        "left": "50%",
                        "top": "50%",
                      }
                    }
                    left={0}
                    nativeViewRef={"[React.ref]"}
                    onError={[Function]}
                    onLoad={[Function]}
                    onLoadStart={[Function]}
                    onProgress={[Function]}
                    placeholder={[]}
                    position="absolute"
                    right={0}
                    sfEffect={null}
                    source={
                      [
                        {
                          "testUri": "../../../src/assets/images/rarity/frame-rare-front.png",
                        },
                      ]
                    }
                    style={
                      {
                        "bottom": 0,
                        "left": 0,
                        "position": "absolute",
                        "right": 0,
                        "top": 0,
                      }
                    }
                    symbolSize={null}
                    symbolWeight={null}
                    top={0}
                    transition={null}
                  />
                  <ViewManagerAdapter_ExpoImage
                    containerViewRef={"[React.ref]"}
                    contentFit="cover"
                    contentPosition={
                      {
                        "left": "50%",
                        "top": "50%",
                      }
                    }
                    height={14}
                    left={2}
                    nativeViewRef={"[React.ref]"}
                    onError={[Function]}
                    onLoad={[Function]}
                    onLoadStart={[Function]}
                    onProgress={[Function]}
                    placeholder={[]}
                    position="absolute"
                    sfEffect={null}
                    source={
                      [
                        {
                          "testUri": "../../../src/assets/images/category/emote.png",
                        },
                      ]
                    }
                    style={
                      {
                        "height": 14,
                        "left": 2,
                        "position": "absolute",
                        "top": 2,
                        "width": 14,
                      }
                    }
                    symbolSize={null}
                    symbolWeight={null}
                    top={2}
                    transition={null}
                    width={14}
                  />
                </View>
                <View
                  onLayout={[Function]}
                  style={
                    {
                      "alignSelf": "center",
                      "bottom": 0,
                      "maxWidth": "95%",
                      "minWidth": "60%",
                      "paddingHorizontal": 12,
                      "paddingVertical": 2,
                      "position": "absolute",
                      "transform": [
                        {
                          "translateY": "30%",
                        },
                      ],
                    }
                  }
                >
                  <Text
                    adjustsFontSizeToFit={true}
                    numberOfLines={2}
                    style={
                      {
                        "color": "white",
                        "fontFamily": "AgencyFB-Bold",
                        "fontSize": 16,
                        "textAlign": "center",
                        "textShadowColor": "#291A3183",
                        "textShadowOffset": {
                          "height": 0,
                          "width": 1,
                        },
                        "textShadowRadius": 0.001,
                        "textTransform": "uppercase",
                      }
                    }
                  >
                    Item 3
                  </Text>
                </View>
              </View>
              <Text
                style={
                  {
                    "color": "#FFFFFF",
                    "fontFamily": "AgencyFB-Bold",
                    "fontSize": 16,
                    "textShadowColor": "black",
                    "textShadowRadius": 1,
                  }
                }
              >
                EMOTE
              </Text>
              <View
                style={
                  {
                    "alignItems": "center",
                    "backgroundColor": "#4513A1",
                    "borderBottomRightRadius": 8,
                    "borderColor": "#9D6DEB",
                    "borderLeftWidth": 2,
                    "borderTopLeftRadius": 8,
                    "borderTopWidth": 2,
                    "bottom": -0.2,
                    "flexDirection": "row",
                    "gap": 4,
                    "overflow": "hidden",
                    "paddingHorizontal": 8,
                    "paddingVertical": 2,
                    "position": "absolute",
                    "right": -0.2,
                  }
                }
              >
                <ViewManagerAdapter_ExpoImage
                  containerViewRef={"[React.ref]"}
                  contentFit="contain"
                  contentPosition={
                    {
                      "left": "50%",
                      "top": "50%",
                    }
                  }
                  height={18}
                  nativeViewRef={"[React.ref]"}
                  onError={[Function]}
                  onLoad={[Function]}
                  onLoadStart={[Function]}
                  onProgress={[Function]}
                  placeholder={[]}
                  source={
                    [
                      {
                        "testUri": "../../../src/assets/images/currency/coins.png",
                      },
                    ]
                  }
                  style={
                    {
                      "height": 18,
                      "width": 18,
                    }
                  }
                  transition={null}
                  width={18}
                />
                <Text
                  style={
                    {
                      "color": "#FFFFFF",
                      "fontFamily": "AgencyFB-Bold",
                      "fontSize": 16,
                      "textShadowColor": "#28074B80",
                      "textShadowRadius": 1,
                    }
                  }
                >
                  1500
                </Text>
              </View>
            </View>
          </View>
          <View
            accessibilityState={
              {
                "busy": undefined,
                "checked": undefined,
                "disabled": undefined,
                "expanded": undefined,
                "selected": undefined,
              }
            }
            accessibilityValue={
              {
                "max": undefined,
                "min": undefined,
                "now": undefined,
                "text": undefined,
              }
            }
            accessible={true}
            collapsable={false}
            focusable={true}
            onBlur={[Function]}
            onClick={[Function]}
            onFocus={[Function]}
            onResponderGrant={[Function]}
            onResponderMove={[Function]}
            onResponderRelease={[Function]}
            onResponderTerminate={[Function]}
            onResponderTerminationRequest={[Function]}
            onStartShouldSetResponder={[Function]}
            role="button"
            style={
              {
                "borderRadius": 14,
                "boxShadow": [
                  {
                    "blurRadius": 5,
                    "color": "black",
                    "offsetX": 0,
                    "offsetY": 0,
                    "spreadDistance": 0,
                  },
                ],
                "flex": 0.5,
              }
            }
          >
            <View
              onLayout={[Function]}
              style={
                {
                  "borderRadius": 20,
                  "bottom": 0,
                  "left": 0,
                  "position": "absolute",
                  "right": 0,
                  "top": 0,
                }
              }
            />
            <View
              style={
                {
                  "flex": 1,
                  "gap": 32,
                  "margin": 5,
                  "marginBottom": 8,
                  "padding": 10,
                  "paddingBottom": 2,
                }
              }
            >
              <View
                style={
                  {
                    "bottom": 0,
                    "left": 0,
                    "position": "absolute",
                    "right": 0,
                    "top": 0,
                  }
                }
              >
                <ViewManagerAdapter_ExpoImage
                  borderRadius={12}
                  bottom={0}
                  containerViewRef={"[React.ref]"}
                  contentFit="fill"
                  contentPosition={
                    {
                      "left": "50%",
                      "top": "50%",
                    }
                  }
                  left={0}
                  nativeViewRef={"[React.ref]"}
                  onError={[Function]}
                  onLoad={[Function]}
                  onLoadStart={[Function]}
                  onProgress={[Function]}
                  placeholder={[]}
                  position="absolute"
                  right={0}
                  source={
                    [
                      {
                        "testUri": "../../../src/assets/images/ui/item-bg.png",
                      },
                    ]
                  }
                  style={
                    {
                      "borderRadius": 12,
                      "bottom": 0,
                      "left": 0,
                      "position": "absolute",
                      "right": 0,
                      "top": 0,
                    }
                  }
                  top={0}
                  transition={null}
                />
              </View>
              <View
                style={
                  {
                    "backgroundColor": "#512A8C",
                    "borderRadius": 8,
                    "padding": 5,
                  }
                }
              >
                <View
                  style={
                    {
                      "aspectRatio": 1,
                      "borderRadius": 6,
                      "overflow": "hidden",
                      "width": "100%",
                    }
                  }
                >
                  <ViewManagerAdapter_ExpoImage
                    bottom={0}
                    containerViewRef={"[React.ref]"}
                    contentFit="cover"
                    contentPosition={
                      {
                        "left": "50%",
                        "top": "50%",
                      }
                    }
                    left={0}
                    nativeViewRef={"[React.ref]"}
                    onError={[Function]}
                    onLoad={[Function]}
                    onLoadStart={[Function]}
                    onProgress={[Function]}
                    placeholder={[]}
                    position="absolute"
                    right={0}
                    sfEffect={null}
                    source={
                      [
                        {
                          "testUri": "../../../src/assets/images/rarity/frame-legendary-back.png",
                        },
                      ]
                    }
                    style={
                      {
                        "bottom": 0,
                        "left": 0,
                        "position": "absolute",
                        "right": 0,
                        "top": 0,
                      }
                    }
                    symbolSize={null}
                    symbolWeight={null}
                    top={0}
                    transition={null}
                  />
                  <View
                    style={
                      {
                        "bottom": 0,
                        "left": 0,
                        "position": "absolute",
                        "right": 0,
                        "top": 0,
                      }
                    }
                  >
                    <skImage
                      fit="contain"
                      height={0}
                      image={null}
                      sampling={
                        {
                          "filter": 0,
                        }
                      }
                      width={0}
                      x={0}
                      y={0}
                    />
                  </View>
                  <ViewManagerAdapter_ExpoImage
                    bottom={0}
                    containerViewRef={"[React.ref]"}
                    contentFit="cover"
                    contentPosition={
                      {
                        "left": "50%",
                        "top": "50%",
                      }
                    }
                    left={0}
                    nativeViewRef={"[React.ref]"}
                    onError={[Function]}
                    onLoad={[Function]}
                    onLoadStart={[Function]}
                    onProgress={[Function]}
                    placeholder={[]}
                    position="absolute"
                    right={0}
                    sfEffect={null}
                    source={
                      [
                        {
                          "testUri": "../../../src/assets/images/rarity/frame-legendary-front.png",
                        },
                      ]
                    }
                    style={
                      {
                        "bottom": 0,
                        "left": 0,
                        "position": "absolute",
                        "right": 0,
                        "top": 0,
                      }
                    }
                    symbolSize={null}
                    symbolWeight={null}
                    top={0}
                    transition={null}
                  />
                  <ViewManagerAdapter_ExpoImage
                    containerViewRef={"[React.ref]"}
                    contentFit="cover"
                    contentPosition={
                      {
                        "left": "50%",
                        "top": "50%",
                      }
                    }
                    height={14}
                    left={2}
                    nativeViewRef={"[React.ref]"}
                    onError={[Function]}
                    onLoad={[Function]}
                    onLoadStart={[Function]}
                    onProgress={[Function]}
                    placeholder={[]}
                    position="absolute"
                    sfEffect={null}
                    source={
                      [
                        {
                          "testUri": "../../../src/assets/images/category/skin.png",
                        },
                      ]
                    }
                    style={
                      {
                        "height": 14,
                        "left": 2,
                        "position": "absolute",
                        "top": 2,
                        "width": 14,
                      }
                    }
                    symbolSize={null}
                    symbolWeight={null}
                    top={2}
                    transition={null}
                    width={14}
                  />
                </View>
                <View
                  onLayout={[Function]}
                  style={
                    {
                      "alignSelf": "center",
                      "bottom": 0,
                      "maxWidth": "95%",
                      "minWidth": "60%",
                      "paddingHorizontal": 12,
                      "paddingVertical": 2,
                      "position": "absolute",
                      "transform": [
                        {
                          "translateY": "30%",
                        },
                      ],
                    }
                  }
                >
                  <Text
                    adjustsFontSizeToFit={true}
                    numberOfLines={2}
                    style={
                      {
                        "color": "white",
                        "fontFamily": "AgencyFB-Bold",
                        "fontSize": 16,
                        "textAlign": "center",
                        "textShadowColor": "#291A3183",
                        "textShadowOffset": {
                          "height": 0,
                          "width": 1,
                        },
                        "textShadowRadius": 0.001,
                        "textTransform": "uppercase",
                      }
                    }
                  >
                    Item 4
                  </Text>
                </View>
              </View>
              <Text
                style={
                  {
                    "color": "#FFFFFF",
                    "fontFamily": "AgencyFB-Bold",
                    "fontSize": 16,
                    "textShadowColor": "black",
                    "textShadowRadius": 1,
                  }
                }
              >
                SKIN
              </Text>
            </View>
          </View>
        </View>
      </View>
      <View
        onFocusCapture={[Function]}
        onLayout={[Function]}
        style={null}
      >
        <View
          style={
            [
              {
                "flexDirection": "row",
              },
              {
                "gap": 16,
              },
            ]
          }
        >
          <View
            accessibilityState={
              {
                "busy": undefined,
                "checked": undefined,
                "disabled": undefined,
                "expanded": undefined,
                "selected": undefined,
              }
            }
            accessibilityValue={
              {
                "max": undefined,
                "min": undefined,
                "now": undefined,
                "text": undefined,
              }
            }
            accessible={true}
            collapsable={false}
            focusable={true}
            onBlur={[Function]}
            onClick={[Function]}
            onFocus={[Function]}
            onResponderGrant={[Function]}
            onResponderMove={[Function]}
            onResponderRelease={[Function]}
            onResponderTerminate={[Function]}
            onResponderTerminationRequest={[Function]}
            onStartShouldSetResponder={[Function]}
            role="button"
            style={
              {
                "borderRadius": 14,
                "boxShadow": [
                  {
                    "blurRadius": 5,
                    "color": "black",
                    "offsetX": 0,
                    "offsetY": 0,
                    "spreadDistance": 0,
                  },
                ],
                "flex": 0.5,
              }
            }
          >
            <View
              onLayout={[Function]}
              style={
                {
                  "borderRadius": 20,
                  "bottom": 0,
                  "left": 0,
                  "position": "absolute",
                  "right": 0,
                  "top": 0,
                }
              }
            />
            <View
              style={
                {
                  "flex": 1,
                  "gap": 32,
                  "margin": 5,
                  "marginBottom": 8,
                  "padding": 10,
                  "paddingBottom": 2,
                }
              }
            >
              <View
                style={
                  {
                    "bottom": 0,
                    "left": 0,
                    "position": "absolute",
                    "right": 0,
                    "top": 0,
                  }
                }
              >
                <ViewManagerAdapter_ExpoImage
                  borderRadius={12}
                  bottom={0}
                  containerViewRef={"[React.ref]"}
                  contentFit="fill"
                  contentPosition={
                    {
                      "left": "50%",
                      "top": "50%",
                    }
                  }
                  left={0}
                  nativeViewRef={"[React.ref]"}
                  onError={[Function]}
                  onLoad={[Function]}
                  onLoadStart={[Function]}
                  onProgress={[Function]}
                  placeholder={[]}
                  position="absolute"
                  right={0}
                  source={
                    [
                      {
                        "testUri": "../../../src/assets/images/ui/item-bg.png",
                      },
                    ]
                  }
                  style={
                    {
                      "borderRadius": 12,
                      "bottom": 0,
                      "left": 0,
                      "position": "absolute",
                      "right": 0,
                      "top": 0,
                    }
                  }
                  top={0}
                  transition={null}
                />
              </View>
              <View
                style={
                  {
                    "backgroundColor": "#512A8C",
                    "borderRadius": 8,
                    "padding": 5,
                  }
                }
              >
                <View
                  style={
                    {
                      "aspectRatio": 1,
                      "borderRadius": 6,
                      "overflow": "hidden",
                      "width": "100%",
                    }
                  }
                >
                  <ViewManagerAdapter_ExpoImage
                    bottom={0}
                    containerViewRef={"[React.ref]"}
                    contentFit="cover"
                    contentPosition={
                      {
                        "left": "50%",
                        "top": "50%",
                      }
                    }
                    left={0}
                    nativeViewRef={"[React.ref]"}
                    onError={[Function]}
                    onLoad={[Function]}
                    onLoadStart={[Function]}
                    onProgress={[Function]}
                    placeholder={[]}
                    position="absolute"
                    right={0}
                    sfEffect={null}
                    source={
                      [
                        {
                          "testUri": "../../../src/assets/images/rarity/frame-common-back.png",
                        },
                      ]
                    }
                    style={
                      {
                        "bottom": 0,
                        "left": 0,
                        "position": "absolute",
                        "right": 0,
                        "top": 0,
                      }
                    }
                    symbolSize={null}
                    symbolWeight={null}
                    top={0}
                    transition={null}
                  />
                  <View
                    style={
                      {
                        "bottom": 0,
                        "left": 0,
                        "position": "absolute",
                        "right": 0,
                        "top": 0,
                      }
                    }
                  >
                    <skImage
                      fit="contain"
                      height={0}
                      image={null}
                      sampling={
                        {
                          "filter": 0,
                        }
                      }
                      width={0}
                      x={0}
                      y={0}
                    />
                  </View>
                  <ViewManagerAdapter_ExpoImage
                    bottom={0}
                    containerViewRef={"[React.ref]"}
                    contentFit="cover"
                    contentPosition={
                      {
                        "left": "50%",
                        "top": "50%",
                      }
                    }
                    left={0}
                    nativeViewRef={"[React.ref]"}
                    onError={[Function]}
                    onLoad={[Function]}
                    onLoadStart={[Function]}
                    onProgress={[Function]}
                    placeholder={[]}
                    position="absolute"
                    right={0}
                    sfEffect={null}
                    source={
                      [
                        {
                          "testUri": "../../../src/assets/images/rarity/frame-common-front.png",
                        },
                      ]
                    }
                    style={
                      {
                        "bottom": 0,
                        "left": 0,
                        "position": "absolute",
                        "right": 0,
                        "top": 0,
                      }
                    }
                    symbolSize={null}
                    symbolWeight={null}
                    top={0}
                    transition={null}
                  />
                  <ViewManagerAdapter_ExpoImage
                    containerViewRef={"[React.ref]"}
                    contentFit="cover"
                    contentPosition={
                      {
                        "left": "50%",
                        "top": "50%",
                      }
                    }
                    height={14}
                    left={2}
                    nativeViewRef={"[React.ref]"}
                    onError={[Function]}
                    onLoad={[Function]}
                    onLoadStart={[Function]}
                    onProgress={[Function]}
                    placeholder={[]}
                    position="absolute"
                    sfEffect={null}
                    source={
                      [
                        {
                          "testUri": "../../../src/assets/images/category/stageskin.png",
                        },
                      ]
                    }
                    style={
                      {
                        "height": 14,
                        "left": 2,
                        "position": "absolute",
                        "top": 2,
                        "width": 14,
                      }
                    }
                    symbolSize={null}
                    symbolWeight={null}
                    top={2}
                    transition={null}
                    width={14}
                  />
                </View>
                <View
                  onLayout={[Function]}
                  style={
                    {
                      "alignSelf": "center",
                      "bottom": 0,
                      "maxWidth": "95%",
                      "minWidth": "60%",
                      "paddingHorizontal": 12,
                      "paddingVertical": 2,
                      "position": "absolute",
                      "transform": [
                        {
                          "translateY": "30%",
                        },
                      ],
                    }
                  }
                >
                  <Text
                    adjustsFontSizeToFit={true}
                    numberOfLines={2}
                    style={
                      {
                        "color": "white",
                        "fontFamily": "AgencyFB-Bold",
                        "fontSize": 16,
                        "textAlign": "center",
                        "textShadowColor": "#291A3183",
                        "textShadowOffset": {
                          "height": 0,
                          "width": 1,
                        },
                        "textShadowRadius": 0.001,
                        "textTransform": "uppercase",
                      }
                    }
                  >
                    Item 5
                  </Text>
                </View>
              </View>
              <Text
                style={
                  {
                    "color": "#FFFFFF",
                    "fontFamily": "AgencyFB-Bold",
                    "fontSize": 16,
                    "textShadowColor": "black",
                    "textShadowRadius": 1,
                  }
                }
              >
                STAGE SKIN
              </Text>
              <View
                style={
                  {
                    "alignItems": "center",
                    "backgroundColor": "#4513A1",
                    "borderBottomRightRadius": 8,
                    "borderColor": "#9D6DEB",
                    "borderLeftWidth": 2,
                    "borderTopLeftRadius": 8,
                    "borderTopWidth": 2,
                    "bottom": -0.2,
                    "flexDirection": "row",
                    "gap": 4,
                    "overflow": "hidden",
                    "paddingHorizontal": 8,
                    "paddingVertical": 2,
                    "position": "absolute",
                    "right": -0.2,
                  }
                }
              >
                <ViewManagerAdapter_ExpoImage
                  containerViewRef={"[React.ref]"}
                  contentFit="contain"
                  contentPosition={
                    {
                      "left": "50%",
                      "top": "50%",
                    }
                  }
                  height={18}
                  nativeViewRef={"[React.ref]"}
                  onError={[Function]}
                  onLoad={[Function]}
                  onLoadStart={[Function]}
                  onProgress={[Function]}
                  placeholder={[]}
                  source={
                    [
                      {
                        "testUri": "../../../src/assets/images/currency/coins.png",
                      },
                    ]
                  }
                  style={
                    {
                      "height": 18,
                      "width": 18,
                    }
                  }
                  transition={null}
                  width={18}
                />
                <Text
                  style={
                    {
                      "color": "#FFFFFF",
                      "fontFamily": "AgencyFB-Bold",
                      "fontSize": 16,
                      "textShadowColor": "#28074B80",
                      "textShadowRadius": 1,
                    }
                  }
                >
                  200000
                </Text>
              </View>
            </View>
          </View>
        </View>
      </View>
    </View>
  </RCTScrollView>
</ViewManagerAdapter_ExpoLinearGradient>
`;
